// Jest Snapshot v1, https://goo.gl/fbAQLP

exports[`App displays artists by count of tracks in top fifty 1`] = `undefined`;

exports[`App displays artists with playcounts divis by 9 in top half 1`] = `undefined`;
